Copyright 1986-2019 Xilinx, Inc. All Rights Reserved.
-------------------------------------------------------------------------------------------
| Tool Version : Vivado v.2019.2 (win64) Build 2708876 Wed Nov  6 21:40:23 MST 2019
| Date         : Mon Sep  2 16:49:02 2024
| Host         : DESKTOP-D3DOE9J running 64-bit major release  (build 9200)
| Command      : report_control_sets -verbose -file HOMECURITY_TOP_control_sets_placed.rpt
| Design       : HOMECURITY_TOP
| Device       : xc7a35t
-------------------------------------------------------------------------------------------

Control Set Information

Table of Contents
-----------------
1. Summary
2. Histogram
3. Flip-Flop Distribution
4. Detailed Control Set Information

1. Summary
----------

+----------------------------------------------------------+-------+
|                          Status                          | Count |
+----------------------------------------------------------+-------+
| Total control sets                                       |    71 |
|    Minimum number of control sets                        |    71 |
|    Addition due to synthesis replication                 |     0 |
|    Addition due to physical synthesis replication        |     0 |
| Unused register locations in slices containing registers |   184 |
+----------------------------------------------------------+-------+
* Control sets can be merged at opt_design using control_set_merge or merge_equivalent_drivers
** Run report_qor_suggestions for automated merging and remapping suggestions


2. Histogram
------------

+--------------------+-------+
|       Fanout       | Count |
+--------------------+-------+
| Total control sets |    71 |
| >= 0 to < 4        |     3 |
| >= 4 to < 6        |    38 |
| >= 6 to < 8        |     9 |
| >= 8 to < 10       |     5 |
| >= 10 to < 12      |     0 |
| >= 12 to < 14      |     0 |
| >= 14 to < 16      |     0 |
| >= 16              |    16 |
+--------------------+-------+
* Control sets can be remapped at either synth_design or opt_design


3. Flip-Flop Distribution
-------------------------

+--------------+-----------------------+------------------------+-----------------+--------------+
| Clock Enable | Synchronous Set/Reset | Asynchronous Set/Reset | Total Registers | Total Slices |
+--------------+-----------------------+------------------------+-----------------+--------------+
| No           | No                    | No                     |              77 |           25 |
| No           | No                    | Yes                    |             375 |          149 |
| No           | Yes                   | No                     |               0 |            0 |
| Yes          | No                    | No                     |              35 |           14 |
| Yes          | No                    | Yes                    |             601 |          184 |
| Yes          | Yes                   | No                     |               0 |            0 |
+--------------+-----------------------+------------------------+-----------------+--------------+


4. Detailed Control Set Information
-----------------------------------

+----------------+------------------------------------------------------+------------------+------------------+----------------+
|  Clock Signal  |                     Enable Signal                    | Set/Reset Signal | Slice Load Count | Bel Load Count |
+----------------+------------------------------------------------------+------------------+------------------+----------------+
|  clk_IBUF_BUFG | doorlock/nolabel_line1158/state_reg[7]_1             | reset_p_IBUF     |                1 |              1 |
|  clk_IBUF_BUFG | fan_standard/btn2/ed/ff_old_reg_0                    | reset_p_IBUF     |                1 |              1 |
|  clk_IBUF_BUFG | living/standard_led_i_1_n_0                          | reset_p_IBUF     |                1 |              1 |
|  clk_IBUF_BUFG | doorlock/nolabel_line1158/cnt_pw_1_reg[1][3]         | reset_p_IBUF     |                2 |              4 |
|  clk_IBUF_BUFG | external/txtlcd/busy_reg_2[0]                        |                  |                2 |              4 |
|  clk_IBUF_BUFG | doorlock/nolabel_line1158/cnt_pw_2_reg[1][1]         | reset_p_IBUF     |                1 |              4 |
|  clk_IBUF_BUFG | doorlock/nolabel_line1158/cnt_pw_2_reg[1][2]         | reset_p_IBUF     |                1 |              4 |
|  clk_IBUF_BUFG | doorlock/nolabel_line1158/cnt_pw_2_reg[1][3]         | reset_p_IBUF     |                1 |              4 |
|  clk_IBUF_BUFG | doorlock/nolabel_line1158/cnt_pw_1_reg[1][2]         | reset_p_IBUF     |                1 |              4 |
|  clk_IBUF_BUFG | doorlock/nolabel_line1158/cnt_pw_1_reg[1][1]         | reset_p_IBUF     |                1 |              4 |
|  clk_IBUF_BUFG | doorlock/keypad/ed/col_reg[0][0]                     | reset_p_IBUF     |                1 |              4 |
|  clk_IBUF_BUFG | doorlock/nolabel_line1158/cnt_pw_2_reg[1][0]         | reset_p_IBUF     |                1 |              4 |
|  clk_IBUF_BUFG | doorlock/nolabel_line1158/cnt_pw_1_reg[1][0]         | reset_p_IBUF     |                1 |              4 |
|  clk_IBUF_BUFG | doorlock/nolabel_line1158/state_reg[2]_0[3]          | reset_p_IBUF     |                2 |              4 |
|  clk_IBUF_BUFG | doorlock/nolabel_line1158/state_reg[2]_0[2]          | reset_p_IBUF     |                2 |              4 |
|  clk_IBUF_BUFG | doorlock/nolabel_line1158/state_reg[2]_0[1]          | reset_p_IBUF     |                1 |              4 |
|  clk_IBUF_BUFG | doorlock/nolabel_line1158/state_reg[2]_0[0]          | reset_p_IBUF     |                1 |              4 |
|  clk_IBUF_BUFG | external/txtlcd/E[0]                                 | reset_p_IBUF     |                1 |              4 |
|  clk_IBUF_BUFG | doorlock/nolabel_line1158/cnt_string_d_reg[4][0]     | reset_p_IBUF     |                2 |              5 |
|  clk_IBUF_BUFG | doorlock/nolabel_line1158/cnt_string_a_reg[4]_0[0]   | reset_p_IBUF     |                2 |              5 |
|  clk_IBUF_BUFG | doorlock/nolabel_line1158/cnt_string_b_reg[4]_0[0]   | reset_p_IBUF     |                1 |              5 |
|  clk_IBUF_BUFG | doorlock/nolabel_line1158/send_reg_1[0]              | reset_p_IBUF     |                2 |              5 |
|  clk_IBUF_BUFG | doorlock/nolabel_line1158/security_complete_reg_0[0] | reset_p_IBUF     |                2 |              5 |
|  clk_IBUF_BUFG | doorlock/nolabel_line1158/send_reg_0[0]              | reset_p_IBUF     |                3 |              5 |
|  clk_IBUF_BUFG | doorlock/nolabel_line1158/send_reg_3[0]              | reset_p_IBUF     |                2 |              5 |
|  clk_IBUF_BUFG | doorlock/nolabel_line1158/start_entering_reg_0[0]    | reset_p_IBUF     |                2 |              5 |
|  clk_IBUF_BUFG | doorlock/nolabel_line1158/security_complete_reg[0]   | reset_p_IBUF     |                2 |              5 |
|  clk_IBUF_BUFG | doorlock/nolabel_line1158/start_entering_reg[0]      | reset_p_IBUF     |                1 |              5 |
|  clk_IBUF_BUFG | doorlock/nolabel_line1158/start_entering_reg_1[0]    | reset_p_IBUF     |                1 |              5 |
|  clk_IBUF_BUFG | doorlock/nolabel_line1158/security_flag_reg[0]       | reset_p_IBUF     |                3 |              5 |
|  clk_IBUF_BUFG | doorlock/nolabel_line1158/busy_reg_22[0]             | reset_p_IBUF     |                2 |              5 |
|  clk_IBUF_BUFG | doorlock/keypad/ed/ff_old_reg_1[0]                   | reset_p_IBUF     |                2 |              5 |
|  clk_IBUF_BUFG | doorlock/nolabel_line1158/state_reg[3]_4[0]          | reset_p_IBUF     |                1 |              5 |
|  clk_IBUF_BUFG | doorlock/nolabel_line1158/state_reg[3]_3[0]          | reset_p_IBUF     |                2 |              5 |
|  clk_IBUF_BUFG | fan_standard/btn2/ed_btn/E[0]                        | reset_p_IBUF     |                2 |              5 |
|  clk_IBUF_BUFG | fnd/rc/ed/E[0]                                       | reset_p_IBUF     |                3 |              5 |
|  clk_IBUF_BUFG | doorlock/nolabel_line1158/busy_reg_20[0]             | reset_p_IBUF     |                2 |              5 |
|  clk_IBUF_BUFG | doorlock/nolabel_line1158/cnt_pw_1_reg[2][0]         | reset_p_IBUF     |                2 |              5 |
|  clk_IBUF_BUFG | external/txtlcd/busy_reg_3[0]                        | reset_p_IBUF     |                2 |              5 |
|  clk_IBUF_BUFG | external/txtlcd/state_reg[2]_1[0]                    | reset_p_IBUF     |                2 |              5 |
|  clk_IBUF_BUFG | doorlock/nolabel_line1158/send_reg_2[0]              | reset_p_IBUF     |                1 |              5 |
|  clk_IBUF_BUFG | fan_smart/nolabel_line871/data_count[5]_i_1_n_0      | reset_p_IBUF     |                3 |              6 |
|  clk_IBUF_BUFG | external/txtlcd/send_edge/E[0]                       | reset_p_IBUF     |                2 |              6 |
|  clk_IBUF_BUFG | fan_smart/nolabel_line871/ed/state_reg[5][0]         | reset_p_IBUF     |                2 |              6 |
|  clk_IBUF_BUFG | doorlock/nolabel_line1158/send_edge/E[0]             | reset_p_IBUF     |                2 |              6 |
|  clk_IBUF_BUFG | doorlock/nolabel_line1158/master/comm_edge/E[0]      | reset_p_IBUF     |                2 |              7 |
|  clk_IBUF_BUFG | external/txtlcd/master/comm_edge/E[0]                | reset_p_IBUF     |                2 |              7 |
|  clk_IBUF_BUFG | external/txtlcd/data                                 | reset_p_IBUF     |                2 |              7 |
|  clk_IBUF_BUFG | doorlock/nolabel_line1158/data                       | reset_p_IBUF     |                2 |              7 |
|  clk_IBUF_BUFG | external/txtlcd/state_reg[2]_0[0]                    |                  |                3 |              7 |
|  clk_IBUF_BUFG | doorlock/nolabel_line1158/E[0]                       |                  |                4 |              8 |
|  clk_IBUF_BUFG | doorlock/key/ed_btn/E[0]                             | reset_p_IBUF     |                2 |              8 |
|  clk_IBUF_BUFG | ed/E[0]                                              | reset_p_IBUF     |                1 |              8 |
|  clk_IBUF_BUFG | doorlock/keypad/ed/E[0]                              | reset_p_IBUF     |                2 |              8 |
|  clk_IBUF_BUFG | ed/ff_old_reg_0[0]                                   | reset_p_IBUF     |                2 |              9 |
|  clk_IBUF_BUFG | fan_smart/nolabel_line871/ed/E[0]                    |                  |                5 |             16 |
| ~clk_IBUF_BUFG | fan_smart/nolabel_line871/usec_clk/ed/ff_old_reg_0   | reset_p_IBUF     |                6 |             22 |
| ~clk_IBUF_BUFG | doorlock/usec_clock/ed/ff_cur_reg_0                  | reset_p_IBUF     |                6 |             22 |
| ~clk_IBUF_BUFG | doorlock/nolabel_line1158/usec_clk/ed/ff_cur_reg_0   | reset_p_IBUF     |                6 |             22 |
| ~clk_IBUF_BUFG | external/txtlcd/usec_clk/ed/ff_old_reg_0             | reset_p_IBUF     |                6 |             22 |
| ~clk_IBUF_BUFG | external/usec_clk/ed/ff_old_reg_0                    | reset_p_IBUF     |                6 |             22 |
|  clk_IBUF_BUFG | fan_standard/pwm_motor/ed/ff_old_reg_0               | reset_p_IBUF     |                8 |             32 |
|  clk_IBUF_BUFG | door/pir_inst/pir_timeout_counter_reg_31_sn_1        | reset_p_IBUF     |                8 |             32 |
|  clk_IBUF_BUFG | fan_smart/pwm_motor/ed/clk_freqXstep_nedge           | reset_p_IBUF     |                8 |             32 |
|  clk_IBUF_BUFG | living/pwm_backlight/ed/ff_old_reg_0                 | reset_p_IBUF     |                8 |             32 |
|  clk_IBUF_BUFG | flame/nolabel_line836/pwm_motor/ed/ff_old_reg_0      | reset_p_IBUF     |                8 |             32 |
|  clk_IBUF_BUFG | servo1/pwm_motor/ed/ff_old_reg_0                     | reset_p_IBUF     |                8 |             32 |
|  clk_IBUF_BUFG | fan_smart/nolabel_line871/temp_data                  | reset_p_IBUF     |               18 |             40 |
|  clk_IBUF_BUFG |                                                      |                  |               25 |             77 |
| ~clk_IBUF_BUFG |                                                      | reset_p_IBUF     |               48 |             88 |
|  clk_IBUF_BUFG |                                                      | reset_p_IBUF     |              101 |            287 |
+----------------+------------------------------------------------------+------------------+------------------+----------------+


