#-----------------------------------------------------------
# Vivado v2019.2 (64-bit)
# SW Build 2708876 on Wed Nov  6 21:40:23 MST 2019
# IP Build 2700528 on Thu Nov  7 00:09:20 MST 2019
# Start of session at: Wed Jun 12 16:20:46 2024
# Process ID: 34784
# Current directory: C:/JAEWOO_SoC/Vivado_2019/basys3_soc_24
# Command line: vivado.exe -gui_launcher_event rodinguilauncherevent13516 C:\JAEWOO_SoC\Vivado_2019\basys3_soc_24\basys3_soc_24.xpr
# Log file: C:/JAEWOO_SoC/Vivado_2019/basys3_soc_24/vivado.log
# Journal file: C:/JAEWOO_SoC/Vivado_2019/basys3_soc_24\vivado.jou
#-----------------------------------------------------------
start_gui
open_project C:/JAEWOO_SoC/Vivado_2019/basys3_soc_24/basys3_soc_24.xpr
update_compile_order -fileset sources_1
launch_simulation
source half_adder.tcl
add_force {/half_adder/a} -radix hex {1 0ns}
add_force {/half_adder/b} -radix hex {1 0ns}
run 10 ns
add_force {/half_adder/a} -radix hex {0 0ns} {1 5000ps} -repeat_every 10000ps
run 10 ns
add_force {/half_adder/b} -radix hex {0 0ns} {1 10000ps} -repeat_every 20000ps
run 10 ns
add_force {/half_adder/a} -radix hex {0 0ns} {1 20000ps} -repeat_every 40000ps
run 10 ns
run 40 ns
run 40 ns
run 40 ns
close_sim
launch_simulation
source half_adder.tcl
add_force {/half_adder/a} -radix hex {0 0ns} {1 20000ps} -repeat_every 40000ps
add_force {/half_adder/b} -radix hex {0 0ns} {1 10000ps} -repeat_every 20000ps
run 40 ns
run 40 ns
close_sim
launch_simulation
source half_adder.tcl
add_force {/half_adder/a} -radix hex {0 0ns} {1 50000ps} -repeat_every 100000ps
add_force {/half_adder/b} -radix hex {0 0ns} {1 100000ps} -repeat_every 200000ps
run 400 ns
close_sim
launch_simulation
source half_adder.tcl
add_force {/half_adder/a} -radix hex {0 0ns} {1 50000ps} -repeat_every 100000ps
add_force {/half_adder/b} -radix hex {0 0ns} {1 100000ps} -repeat_every 200000ps
run 400 ns
add_force {/half_adder/a} -radix hex {0 0ns} {1 25000ps} -repeat_every 50000ps
add_force {/half_adder/b} -radix hex {0 0ns} {1 50000ps} -repeat_every 100000ps
run 200 ns
close_sim
# Disabling source management mode.  This is to allow the top design properties to be set without GUI intervention.
set_property source_mgmt_mode None [current_project]
set_property top half_adder_behavioral [get_filesets sim_1]
set_property top_lib xil_defaultlib [get_filesets sim_1]
# Re-enabling previously disabled source management mode.
set_property source_mgmt_mode All [current_project]
launch_simulation
source half_adder_behavioral.tcl
add_force {/half_adder_behavioral/a} -radix hex {0 0ns} {1 50000ps} -repeat_every 100000ps
add_force {/half_adder_behavioral/b} -radix hex {0 0ns} {1 100000ps} -repeat_every 200000ps
run 400 ns
close_sim
launch_simulation
source half_adder_behavioral.tcl
close_sim
