#-----------------------------------------------------------
# Vivado v2019.2 (64-bit)
# SW Build 2708876 on Wed Nov  6 21:40:23 MST 2019
# IP Build 2700528 on Thu Nov  7 00:09:20 MST 2019
# Start of session at: Mon Jun 24 14:34:46 2024
# Process ID: 22192
# Current directory: C:/JAEWOO_SoC/Vivado_2019/basys3_soc_24
# Command line: vivado.exe -gui_launcher_event rodinguilauncherevent20876 C:\JAEWOO_SoC\Vivado_2019\basys3_soc_24\basys3_soc_24.xpr
# Log file: C:/JAEWOO_SoC/Vivado_2019/basys3_soc_24/vivado.log
# Journal file: C:/JAEWOO_SoC/Vivado_2019/basys3_soc_24\vivado.jou
#-----------------------------------------------------------
start_gui
open_project C:/JAEWOO_SoC/Vivado_2019/basys3_soc_24/basys3_soc_24.xpr
update_compile_order -fileset sources_1
launch_simulation
launch_simulation
source mux_demux_test.tcl
add_force {/mux_demux_test/d[0]} -radix bin {0 0ns} {1 50000ps} -repeat_every 100000ps
add_force {/mux_demux_test/d[1]} -radix bin {0 0ns} {1 100000ps} -repeat_every 200000ps
add_force {/mux_demux_test/d[2]} -radix bin {0 0ns} {1 150000ps} -repeat_every 300000ps
add_force {/mux_demux_test/d[3]} -radix bin {0 0ns} {1 200000ps} -repeat_every 400000ps
add_force {/mux_demux_test/mux_s[0]} -radix bin {2 0ns}
add_force {/mux_demux_test/mux_s[0]} -radix hex {2 0ns}
add_force {/mux_demux_test/mux_s} -radix hex {2 0ns}
add_force {/mux_demux_test/demux_s} -radix hex {3 0ns}
run 2000 ns
add_force {/mux_demux_test/mux_s} -radix hex {1 0ns}
run 2000 ns
close_sim
launch_simulation
source mux_demux_test.tcl
add_force {/mux_demux_test/d[0]} -radix bin {0 0ns} {1 50000ps} -repeat_every 100000ps
add_force {/mux_demux_test/d[1]} -radix bin {0 0ns} {1 100000ps} -repeat_every 200000ps
add_force {/mux_demux_test/d[2]} -radix bin {0 0ns} {1 150000ps} -repeat_every 300000ps
add_force {/mux_demux_test/d[3]} -radix bin {0 0ns} {1 200000ps} -repeat_every 400000ps
add_force {/mux_demux_test/mux_s} -radix bin {1 0ns}
add_force {/mux_demux_test/mux_s} -radix hex {2 0ns}
add_force {/mux_demux_test/demux_s} -radix hex {3 0ns}
run 2000 ns
close_sim
close [ open C:/JAEWOO_SoC/Vivado_2019/basys3_soc_24/basys3_soc_24.srcs/sources_1/new/exam02_sequential_logic.v w ]
add_files C:/JAEWOO_SoC/Vivado_2019/basys3_soc_24/basys3_soc_24.srcs/sources_1/new/exam02_sequential_logic.v
update_compile_order -fileset sources_1
# Disabling source management mode.  This is to allow the top design properties to be set without GUI intervention.
set_property source_mgmt_mode None [current_project]
set_property top D_flip_flop_n [get_filesets sim_1]
set_property top_lib xil_defaultlib [get_filesets sim_1]
# Re-enabling previously disabled source management mode.
set_property source_mgmt_mode All [current_project]
synth_design -rtl -name rtl_1
# Disabling source management mode.  This is to allow the top design properties to be set without GUI intervention.
set_property source_mgmt_mode None [current_project]
set_property top D_flip_flop_n [current_fileset]
# Re-enabling previously disabled source management mode.
set_property source_mgmt_mode All [current_project]
launch_runs synth_1 -jobs 4
wait_on_run synth_1
reset_run synth_1
launch_runs synth_1 -jobs 4
wait_on_run synth_1
refresh_design
open_run synth_1 -name synth_1
reset_run synth_1
launch_runs synth_1 -jobs 4
wait_on_run synth_1
reset_run synth_1
launch_runs synth_1 -jobs 4
wait_on_run synth_1
current_design rtl_1
current_design synth_1
close_design
open_run synth_1 -name synth_1
current_design rtl_1
refresh_design
current_design synth_1
# Disabling source management mode.  This is to allow the top design properties to be set without GUI intervention.
set_property source_mgmt_mode None [current_project]
set_property top D_flip_flop_p [current_fileset]
# Re-enabling previously disabled source management mode.
set_property source_mgmt_mode All [current_project]
# Disabling source management mode.  This is to allow the top design properties to be set without GUI intervention.
set_property source_mgmt_mode None [current_project]
set_property top D_flip_flop_p [get_filesets sim_1]
set_property top_lib xil_defaultlib [get_filesets sim_1]
# Re-enabling previously disabled source management mode.
set_property source_mgmt_mode All [current_project]
launch_simulation
source D_flip_flop_p.tcl
add_force {/D_flip_flop_p/d} -radix hex {0 0ns} {1 65000ps} -repeat_every 130000ps
add_force {/D_flip_flop_p/clk} -radix hex {0 0ns} {1 5000ps} -repeat_every 10000ps
add_force {/D_flip_flop_p/reset_p} -radix hex {0 0ns}
add_force {/D_flip_flop_p/enable} -radix hex {1 0ns}
run 1000 ns
relaunch_sim
add_force {/D_flip_flop_p/d} -radix hex {0 0ns} {1 65500ps} -repeat_every 131000ps
add_force {/D_flip_flop_p/clk} -radix hex {0 0ns} {1 50000ps} -repeat_every 100000ps
add_force {/D_flip_flop_p/reset_p} -radix hex {0 0ns}
add_force {/D_flip_flop_p/enable} -radix hex {1 0ns}
run 1000 ns
close_sim
# Disabling source management mode.  This is to allow the top design properties to be set without GUI intervention.
set_property source_mgmt_mode None [current_project]
set_property top D_flip_flop_n [get_filesets sim_1]
set_property top_lib xil_defaultlib [get_filesets sim_1]
# Re-enabling previously disabled source management mode.
set_property source_mgmt_mode All [current_project]
launch_simulation
source D_flip_flop_n.tcl
add_force {/D_flip_flop_n/d} -radix hex {0 0ns} {1 65500ps} -repeat_every 131000ps
add_force {/D_flip_flop_n/clk} -radix hex {0 0ns} {1 50000ps} -repeat_every 100000ps
add_force {/D_flip_flop_n/reset_p} -radix hex {0 0ns}
add_force {/D_flip_flop_n/enable} -radix hex {1 0ns}
run 1000 ns
close_sim
# Disabling source management mode.  This is to allow the top design properties to be set without GUI intervention.
set_property source_mgmt_mode None [current_project]
set_property top D_flip_flop_p [get_filesets sim_1]
set_property top_lib xil_defaultlib [get_filesets sim_1]
# Re-enabling previously disabled source management mode.
set_property source_mgmt_mode All [current_project]
launch_simulation
source D_flip_flop_p.tcl
add_force {/D_flip_flop_p/d} -radix hex {0 0ns} {1 65500ps} -repeat_every 131000ps
add_force {/D_flip_flop_p/clk} -radix hex {0 0ns} {1 50000ps} -repeat_every 100000ps
add_force {/D_flip_flop_p/reset_p} -radix hex {0 0ns}
add_force {/D_flip_flop_p/enable} -radix hex {1 0ns}
run 1000 ns
close_sim
launch_simulation
source D_flip_flop_p.tcl
add_force {/D_flip_flop_p/d} -radix hex {0 0ns} {1 65500ps} -repeat_every 131000ps
add_force {/D_flip_flop_p/clk} -radix hex {0 0ns} {1 50000ps} -repeat_every 100000ps
add_force {/D_flip_flop_p/reset_p} -radix hex {0 0ns}
add_force {/D_flip_flop_p/enable} -radix hex {0 0ns}
run 1000 ns
relaunch_sim
add_force {/D_flip_flop_p/d} -radix hex {0 0ns} {1 65500ps} -repeat_every 131000ps
add_force {/D_flip_flop_p/clk} -radix hex {0 0ns} {1 50000ps} -repeat_every 100000ps
add_force {/D_flip_flop_p/reset_p} -radix hex {0 0ns}
add_force {/D_flip_flop_p/enable} -radix hex {0 0ns} {1 50000ps} -repeat_every 100000ps
run 1000 ns
relaunch_sim
add_force {/D_flip_flop_p/d} -radix hex {0 0ns} {1 65500ps} -repeat_every 131000ps
add_force {/D_flip_flop_p/clk} -radix hex {0 0ns} {1 50000ps} -repeat_every 100000ps
add_force {/D_flip_flop_p/reset_p} -radix hex {0 0ns}
add_force {/D_flip_flop_p/enable} -radix hex {0 0ns} {1 60000ps} -repeat_every 120000ps
run 1000 ns
close_sim
launch_simulation
source D_flip_flop_p.tcl
add_force {/D_flip_flop_p/d} -radix hex {0 0ns} {1 65500ps} -repeat_every 131000ps
add_force {/D_flip_flop_p/clk} -radix hex {0 0ns} {1 50000ps} -repeat_every 100000ps
add_force {/D_flip_flop_p/reset_p} -radix hex {0 0ns}
add_force {/D_flip_flop_p/enable} -radix hex {0 0ns} {1 60000ps} -repeat_every 120000ps
run 1000 ns
close_sim
